[ CLEAN ]      build/release
make: Entering directory '/home/cst/PQ-try/dpu'
[ dpu-upmem-dpurte-clang ]..//dpu/search_dpu.o
dpu-upmem-dpurte-clang --std=c11 -O2 -flto -Wall --std=c11 -flto -Wall -Wextra -MMD -Werror  -DMS=20 -DKSUB=256 -DDSUB=5 -DMAX_DPU_STORE_SIZE=1366000 -DCODE_SIZE=20 -DTOPK=10 -DMAX_Q_O=376 -DMAX_PROBE_NUM=556 -DDIMM=104 -DMAX_DPU_ID=72 -DCODEBOOK_SIZE=8192 -DNR_DPUS=896 -DNR_TASKLETS=14 -DETD=32  -I../include -c search_dpu.c -o ..//dpu/search_dpu.o 
[ dpu-upmem-dpurte-clang ]..//dpu/search_dpu
make: Leaving directory '/home/cst/PQ-try/dpu'
[ g++ ]        build/release/search_host.o
search_host.cpp: In function ‘int main()’:
search_host.cpp:1280:44: warning: format ‘%ld’ expects argument of type ‘long int’, but argument 3 has type ‘int32_t’ {aka ‘int’} [-Wformat=]
 1280 |     printf("[%.6f s] Perform a search on %ld queries\n",
      |                                          ~~^
      |                                            |
      |                                            long int
      |                                          %d
 1281 |             elapsed() - t0,
 1282 |             nq_test);
      |             ~~~~~~~                         
      |             |
      |             int32_t {aka int}
search_host.cpp: In function ‘float* bvecs_read(const char*, int32_t*, int32_t*)’:
search_host.cpp:120:10: warning: ignoring return value of ‘size_t fread(void*, size_t, size_t, FILE*)’, declared with attribute warn_unused_result [-Wunused-result]
  120 |     fread(&d, 1, sizeof(int), f);
      |     ~~~~~^~~~~~~~~~~~~~~~~~~~~~~
search_host.cpp: In function ‘float* fvecs_read(const char*, int32_t*, int32_t*)’:
search_host.cpp:155:10: warning: ignoring return value of ‘size_t fread(void*, size_t, size_t, FILE*)’, declared with attribute warn_unused_result [-Wunused-result]
  155 |     fread(&d, 1, sizeof(int), f);
      |     ~~~~~^~~~~~~~~~~~~~~~~~~~~~~
[ g++ ]        build/release/host
[ CLEAN ]      build/release
make: Entering directory '/home/cst/PQ-try/dpu'
[ dpu-upmem-dpurte-clang ]..//dpu/search_dpu.o
dpu-upmem-dpurte-clang --std=c11 -O2 -flto -Wall --std=c11 -flto -Wall -Wextra -MMD -Werror  -DMS=20 -DKSUB=256 -DDSUB=5 -DMAX_DPU_STORE_SIZE=1366000 -DCODE_SIZE=20 -DTOPK=10 -DMAX_Q_O=376 -DMAX_PROBE_NUM=556 -DDIMM=104 -DMAX_DPU_ID=72 -DCODEBOOK_SIZE=8192 -DNR_DPUS=896 -DNR_TASKLETS=14 -DETD=32  -I../include -c search_dpu.c -o ..//dpu/search_dpu.o 
[ dpu-upmem-dpurte-clang ]..//dpu/search_dpu
make: Leaving directory '/home/cst/PQ-try/dpu'
[ g++ ]        build/release/search_host.o
search_host.cpp: In function ‘int main()’:
search_host.cpp:1280:44: warning: format ‘%ld’ expects argument of type ‘long int’, but argument 3 has type ‘int32_t’ {aka ‘int’} [-Wformat=]
 1280 |     printf("[%.6f s] Perform a search on %ld queries\n",
      |                                          ~~^
      |                                            |
      |                                            long int
      |                                          %d
 1281 |             elapsed() - t0,
 1282 |             nq_test);
      |             ~~~~~~~                         
      |             |
      |             int32_t {aka int}
search_host.cpp: In function ‘float* bvecs_read(const char*, int32_t*, int32_t*)’:
search_host.cpp:120:10: warning: ignoring return value of ‘size_t fread(void*, size_t, size_t, FILE*)’, declared with attribute warn_unused_result [-Wunused-result]
  120 |     fread(&d, 1, sizeof(int), f);
      |     ~~~~~^~~~~~~~~~~~~~~~~~~~~~~
search_host.cpp: In function ‘float* fvecs_read(const char*, int32_t*, int32_t*)’:
search_host.cpp:155:10: warning: ignoring return value of ‘size_t fread(void*, size_t, size_t, FILE*)’, declared with attribute warn_unused_result [-Wunused-result]
  155 |     fread(&d, 1, sizeof(int), f);
      |     ~~~~~^~~~~~~~~~~~~~~~~~~~~~~
[ g++ ]        build/release/host
[ CLEAN ]      build/release
make: Entering directory '/home/cst/PQ-try/dpu'
[ dpu-upmem-dpurte-clang ]..//dpu/search_dpu.o
dpu-upmem-dpurte-clang --std=c11 -O2 -flto -Wall --std=c11 -flto -Wall -Wextra -MMD -Werror  -DMS=20 -DKSUB=256 -DDSUB=5 -DMAX_DPU_STORE_SIZE=1366000 -DCODE_SIZE=20 -DTOPK=10 -DMAX_Q_O=376 -DMAX_PROBE_NUM=556 -DDIMM=104 -DMAX_DPU_ID=72 -DCODEBOOK_SIZE=8192 -DNR_DPUS=896 -DNR_TASKLETS=14 -DETD=32  -I../include -c search_dpu.c -o ..//dpu/search_dpu.o 
[ dpu-upmem-dpurte-clang ]..//dpu/search_dpu
make: Leaving directory '/home/cst/PQ-try/dpu'
[ g++ ]        build/release/search_host.o
search_host.cpp: In function ‘int main()’:
search_host.cpp:1280:44: warning: format ‘%ld’ expects argument of type ‘long int’, but argument 3 has type ‘int32_t’ {aka ‘int’} [-Wformat=]
 1280 |     printf("[%.6f s] Perform a search on %ld queries\n",
      |                                          ~~^
      |                                            |
      |                                            long int
      |                                          %d
 1281 |             elapsed() - t0,
 1282 |             nq_test);
      |             ~~~~~~~                         
      |             |
      |             int32_t {aka int}
search_host.cpp: In function ‘float* bvecs_read(const char*, int32_t*, int32_t*)’:
search_host.cpp:120:10: warning: ignoring return value of ‘size_t fread(void*, size_t, size_t, FILE*)’, declared with attribute warn_unused_result [-Wunused-result]
  120 |     fread(&d, 1, sizeof(int), f);
      |     ~~~~~^~~~~~~~~~~~~~~~~~~~~~~
search_host.cpp: In function ‘float* fvecs_read(const char*, int32_t*, int32_t*)’:
search_host.cpp:155:10: warning: ignoring return value of ‘size_t fread(void*, size_t, size_t, FILE*)’, declared with attribute warn_unused_result [-Wunused-result]
  155 |     fread(&d, 1, sizeof(int), f);
      |     ~~~~~^~~~~~~~~~~~~~~~~~~~~~~
[ g++ ]        build/release/host
[ CLEAN ]      build/release
make: Entering directory '/home/cst/PQ-try/dpu'
[ dpu-upmem-dpurte-clang ]..//dpu/search_dpu.o
dpu-upmem-dpurte-clang --std=c11 -O2 -flto -Wall --std=c11 -flto -Wall -Wextra -MMD -Werror  -DMS=20 -DKSUB=256 -DDSUB=5 -DMAX_DPU_STORE_SIZE=1366000 -DCODE_SIZE=20 -DTOPK=10 -DMAX_Q_O=376 -DMAX_PROBE_NUM=556 -DDIMM=104 -DMAX_DPU_ID=72 -DCODEBOOK_SIZE=8192 -DNR_DPUS=896 -DNR_TASKLETS=14 -DETD=32  -I../include -c search_dpu.c -o ..//dpu/search_dpu.o 
[ dpu-upmem-dpurte-clang ]..//dpu/search_dpu
make: Leaving directory '/home/cst/PQ-try/dpu'
[ g++ ]        build/release/search_host.o
search_host.cpp: In function ‘int main()’:
search_host.cpp:1280:44: warning: format ‘%ld’ expects argument of type ‘long int’, but argument 3 has type ‘int32_t’ {aka ‘int’} [-Wformat=]
 1280 |     printf("[%.6f s] Perform a search on %ld queries\n",
      |                                          ~~^
      |                                            |
      |                                            long int
      |                                          %d
 1281 |             elapsed() - t0,
 1282 |             nq_test);
      |             ~~~~~~~                         
      |             |
      |             int32_t {aka int}
search_host.cpp: In function ‘float* bvecs_read(const char*, int32_t*, int32_t*)’:
search_host.cpp:120:10: warning: ignoring return value of ‘size_t fread(void*, size_t, size_t, FILE*)’, declared with attribute warn_unused_result [-Wunused-result]
  120 |     fread(&d, 1, sizeof(int), f);
      |     ~~~~~^~~~~~~~~~~~~~~~~~~~~~~
search_host.cpp: In function ‘float* fvecs_read(const char*, int32_t*, int32_t*)’:
search_host.cpp:155:10: warning: ignoring return value of ‘size_t fread(void*, size_t, size_t, FILE*)’, declared with attribute warn_unused_result [-Wunused-result]
  155 |     fread(&d, 1, sizeof(int), f);
      |     ~~~~~^~~~~~~~~~~~~~~~~~~~~~~
[ g++ ]        build/release/host
